// Jest Snapshot v1, https://goo.gl/fbAQLP

exports[`ConfirmSingup component snapshot matches the snapshot 1`] = `
<main
  className="MuiContainer-root container MuiContainer-maxWidthXs"
>
  <div
    className="MuiBox-root MuiBox-root-11 authTitle"
  >
    <span>
      Please check your email
    </span>
  </div>
  <a
    className="MuiTypography-root MuiLink-root MuiLink-underlineHover MuiTypography-colorPrimary"
    onBlur={[Function]}
    onClick={[Function]}
    onFocus={[Function]}
  >
    <span
      className="close-btn"
    >
      <img
        alt="closeicon"
        src="https://cdn4.iconfinder.com/data/icons/miu/22/circle_close_delete_-128.png"
      />
    </span>
  </a>
  <form
    onSubmit={[Function]}
  >
    <div
      className="MuiBox-root MuiBox-root-48"
    >
      Please enter confirmation code
    </div>
    <div
      className="MuiGrid-root MuiGrid-container"
    >
      <div
        className="MuiGrid-root MuiGrid-item MuiGrid-grid-xs-12 MuiGrid-grid-sm-12"
      >
        <div
          className="MuiBox-root MuiBox-root-153"
        >
          <div
            className="MuiFormControl-root MuiTextField-root MuiFormControl-fullWidth"
          >
            <label
              className="MuiFormLabel-root MuiInputLabel-root MuiInputLabel-formControl MuiInputLabel-animated MuiInputLabel-outlined Mui-required Mui-required"
              data-shrink={false}
              htmlFor="confirmationCode"
              style={
                Object {
                  "color": "#ffffff",
                }
              }
            >
              Confirmation Code
              <span
                className="MuiFormLabel-asterisk MuiInputLabel-asterisk"
              >
                 
                *
              </span>
            </label>
            <div
              className="MuiInputBase-root MuiOutlinedInput-root MuiInputBase-fullWidth MuiInputBase-formControl"
              onClick={[Function]}
            >
              <input
                aria-invalid={false}
                className="MuiInputBase-input MuiOutlinedInput-input"
                disabled={false}
                id="confirmationCode"
                name="confirmationCode"
                onBlur={[Function]}
                onChange={[Function]}
                onFocus={[Function]}
                required={true}
                type="text"
                value=""
              />
              <fieldset
                aria-hidden={true}
                className="PrivateNotchedOutline-root-211 MuiOutlinedInput-notchedOutline"
                style={
                  Object {
                    "paddingLeft": 8,
                  }
                }
              >
                <legend
                  className="PrivateNotchedOutline-legend-212"
                  style={
                    Object {
                      "width": 0.01,
                    }
                  }
                >
                  <span
                    dangerouslySetInnerHTML={
                      Object {
                        "__html": "&#8203;",
                      }
                    }
                  />
                </legend>
              </fieldset>
            </div>
          </div>
        </div>
      </div>
    </div>
    <div
      className="MuiGrid-root makeStyles-btnWrapper-1 MuiGrid-container"
    >
      <button
        className="MuiButtonBase-root MuiButton-root btnSign MuiButton-contained MuiButton-containedPrimary MuiButton-fullWidth"
        disabled={false}
        onBlur={[Function]}
        onDragLeave={[Function]}
        onFocus={[Function]}
        onKeyDown={[Function]}
        onKeyUp={[Function]}
        onMouseDown={[Function]}
        onMouseLeave={[Function]}
        onMouseUp={[Function]}
        onTouchEnd={[Function]}
        onTouchMove={[Function]}
        onTouchStart={[Function]}
        tabIndex={0}
        type="submit"
      >
        <span
          className="MuiButton-label"
        >
          <span>
            Confirm
          </span>
        </span>
      </button>
    </div>
    <div
      className="MuiGrid-root MuiGrid-container"
    >
      <div
        className="MuiGrid-root MuiGrid-item MuiGrid-grid-xs-12"
      >
        <div
          className="MuiBox-root MuiBox-root-336"
        >
          <div
            className="MuiBox-root MuiBox-root-337"
          >
            <span>
              Send Code to 
            </span>
            a@gmail.com
          </div>
        </div>
      </div>
    </div>
  </form>
</main>
`;
